// Jest Snapshot v1, https://goo.gl/fbAQLP

exports[`No match page renders correctly 1`] = `
Array [
  <h1>
    Oops, seems like this page does not exist
  </h1>,
  <button
    className="btn btn-primary"
    onClick={[Function]}
  >
    Back to posts
  </button>,
]
`;
