// Jest Snapshot v1, https://goo.gl/fbAQLP

exports[`CustomSpinner renders correctly 1`] = `null`;
