// Jest Snapshot v1, https://goo.gl/fbAQLP

exports[`Post renders correctly 1`] = `
<div
  className="sc-bdfBwQ fUVpNk card"
/>
`;
