// Jest Snapshot v1, https://goo.gl/fbAQLP

exports[`Comment renders correctly 1`] = `
<div
  className="sc-bdfBwQ ilTjGw comment"
/>
`;
